Γû▓ Next.js 16.2.10 (Turbopack)
- Environments: .env.local

  Creating an optimized production build ...
Γ£ô Compiled successfully in 55s
  Running TypeScript ...
node.exe : Failed to type check.
At line:1 char:1
+ & "C:\Program Files\nodejs/node.exe" "C:\Program Files\nodejs/node_mo ...
+ ~~~~~~~~~~~~~~~~~~~~~~~~~~~~~~~~~~~~~~~~~~~~~~~~~~~~~~~~~~~~~~~~~~~~~
    + CategoryInfo          : NotSpecified: (Failed to type check.:String) [], RemoteException
    + FullyQualifiedErrorId : NativeCommandError
 

./src/app/dashboard/teacher/quizzes/[id]/page.tsx:580:79
Type error: Property 'points' does not exist on type 'QuestionVersionResponse'.

  [90m578 |[0m ... className=[32m"badge badge-secondary"[0m>{(q.question_type || 
[32m""[0m).replace([32m"_"[0m, [32m" "[0m).toUpperC...
  [90m579 |[0m ...sson_title && <span className=[32m"badge badge-info"[0m>{q.lesson_title}</span>}
[31m[1m>[0m [90m580 |[0m ... style={{ color: [32m"var(--text-muted)"[0m }}>{q.points} pt{q.points > [35m1[0m 
? [32m"s"[0m : [32m""[0m}</span>
  [90m    |[0m                                               [31m[1m^[0m
  [90m581 |[0m ...
  [90m582 |[0m ...
  [90m583 |[0m ...
Next.js build worker exited with code: 1 and signal: null
